// Jest Snapshot v1, https://goo.gl/fbAQLP

exports[`<Text /> renders h1 1`] = `
<div>
  <h1
    class="Text__StyledText-sc-3gahta-0 cKtxMx"
  >
    Sample text
  </h1>
</div>
`;
